../Core/Src/main.c:65:6:delay	16	static
../Core/Src/main.c:90:6:HAL_TIM_IC_CaptureCallback	16	static
../Core/Src/main.c:127:6:HCSR04_Read	8	static
../Core/Src/main.c:142:6:HAL_GPIO_EXTI_Callback	16	static
../Core/Src/main.c:159:5:main	8	static
../Core/Src/main.c:255:6:SystemClock_Config	88	static
../Core/Src/main.c:302:13:MX_ADC1_Init	24	static
../Core/Src/main.c:354:13:MX_TIM1_Init	32	static
../Core/Src/main.c:403:13:MX_TIM2_Init	64	static
../Core/Src/main.c:462:13:MX_GPIO_Init	40	static
../Core/Src/main.c:514:6:Error_Handler	4	static,ignoring_inline_asm
