../Core/Src/main.c:74:6:delay	16	static
../Core/Src/main.c:99:6:HAL_TIM_IC_CaptureCallback	16	static
../Core/Src/main.c:136:6:HCSR04_Read	8	static
../Core/Src/main.c:151:6:HAL_GPIO_EXTI_Callback	16	static
../Core/Src/main.c:168:5:main	24	static
../Core/Src/main.c:293:6:SystemClock_Config	88	static
../Core/Src/main.c:339:13:MX_ADC1_Init	24	static
../Core/Src/main.c:400:13:MX_TIM1_Init	32	static
../Core/Src/main.c:449:13:MX_TIM2_Init	64	static
../Core/Src/main.c:508:13:MX_TIM3_Init	32	static
../Core/Src/main.c:551:13:MX_DMA_Init	16	static
../Core/Src/main.c:569:13:MX_GPIO_Init	48	static
../Core/Src/main.c:615:6:HAL_ADC_ConvCpltCallback	16	static
../Core/Src/main.c:628:6:Error_Handler	4	static,ignoring_inline_asm
